// Jest Snapshot v1, https://goo.gl/fbAQLP

exports[`check the rendered matches the snapshot 1`] = `
<div
  className="calcContainer"
>
  <div
    id="itemInput"
  >
    0
  </div>
  <button
    className="btn"
    id="item0"
    name="0"
    onClick={[Function]}
    type="button"
  >
    0
  </button>
  <button
    className="btn"
    id="item1"
    name="1"
    onClick={[Function]}
    type="button"
  >
    1
  </button>
  <button
    className="btn"
    id="item2"
    name="2"
    onClick={[Function]}
    type="button"
  >
    2
  </button>
  <button
    className="btn"
    id="item3"
    name="3"
    onClick={[Function]}
    type="button"
  >
    3
  </button>
  <button
    className="btn"
    id="item4"
    name="4"
    onClick={[Function]}
    type="button"
  >
    4
  </button>
  <button
    className="btn"
    id="item5"
    name="5"
    onClick={[Function]}
    type="button"
  >
    5
  </button>
  <button
    className="btn"
    id="item6"
    name="6"
    onClick={[Function]}
    type="button"
  >
    6
  </button>
  <button
    className="btn"
    id="item7"
    name="7"
    onClick={[Function]}
    type="button"
  >
    7
  </button>
  <button
    className="btn"
    id="item8"
    name="8"
    onClick={[Function]}
    type="button"
  >
    8
  </button>
  <button
    className="btn"
    id="item9"
    name="9"
    onClick={[Function]}
    type="button"
  >
    9
  </button>
  <button
    className="btn"
    id="itemAC"
    name="AC"
    onClick={[Function]}
    type="button"
  >
    AC
  </button>
  <button
    className="btn"
    id="itemPlusMinus"
    name="+/-"
    onClick={[Function]}
    type="button"
  >
    +/-
  </button>
  <button
    className="btn"
    id="itemModulus"
    name="%"
    onClick={[Function]}
    type="button"
  >
    %
  </button>
  <button
    className="btn special"
    id="itemDivide"
    name="÷"
    onClick={[Function]}
    type="button"
  >
    ÷
  </button>
  <button
    className="btn special"
    id="itemMultiply"
    name="x"
    onClick={[Function]}
    type="button"
  >
    ×
  </button>
  <button
    className="btn special"
    id="itemMinus"
    name="-"
    onClick={[Function]}
    type="button"
  >
    -
  </button>
  <button
    className="btn special"
    id="itemPlus"
    name="+"
    onClick={[Function]}
    type="button"
  >
    +
  </button>
  <button
    className="btn special"
    id="itemEqual"
    name="="
    onClick={[Function]}
    type="button"
  >
    =
  </button>
  <button
    className="btn"
    id="itemPeriod"
    name="."
    onClick={[Function]}
    type="button"
  >
    •
  </button>
</div>
`;
